[WILDCARD]
error: Uncaught BadResource: Bad resource ID
[WILDCARD]:[WILDCARD]
    at unwrapResponse ([WILDCARD]:[WILDCARD])
    at Object.sendAsync ([WILDCARD]:[WILDCARD])
    at async main ([WILDCARD]tests/044_bad_resource.ts:[WILDCARD])
