[WILDCARD]error: Uncaught URIError: relative import path "bad-module.ts" not prefixed with / or ./ or ../ Imported from "[WILDCARD]/error_012_bad_dynamic_import_specifier.ts"
[WILDCARD]:[WILDCARD]
    at unwrapResponse ([WILDCARD]:[WILDCARD])
    at Object.sendSync ([WILDCARD]:[WILDCARD])
    at resolveModules ([WILDCARD]:[WILDCARD])
    at processImports ([WILDCARD]:[WILDCARD])
    at Object.processImports ([WILDCARD]:[WILDCARD])
    at async compile ([WILDCARD]:[WILDCARD])
    at async tsCompilerOnMessage ([WILDCARD]:[WILDCARD])
    at async workerMessageRecvCallback ([WILDCARD]:[WILDCARD])
