[WILDCARD]error: Uncaught NotFound: Cannot resolve module "[WILDCARD]/bad-module.ts" from "[WILDCARD]/error_004_missing_module.ts"
[WILDCARD]:[WILDCARD]
    at unwrapResponse ([WILDCARD])
    at Object.sendAsync ([WILDCARD])
    at async processImports ([WILDCARD])
    at async Object.processImports ([WILDCARD])
    at async compile ([WILDCARD])
    at async tsCompilerOnMessage ([WILDCARD])
    at async workerMessageRecvCallback ([WILDCARD])
