[WILDCARD]error: Uncaught NotFound: Cannot resolve module "[WILDCARD]/non-existent" from "[WILDCARD]/error_006_import_ext_failure.ts"
[WILDCARD]:[WILDCARD]
    at unwrapResponse ([WILDCARD]:[WILDCARD])
    at Object.sendAsync ([WILDCARD]:[WILDCARD])
    at async processImports ([WILDCARD]:[WILDCARD])
    at async Object.processImports ([WILDCARD]:[WILDCARD])
    at async compile ([WILDCARD]:[WILDCARD])
    at async tsCompilerOnMessage ([WILDCARD]:[WILDCARD])
    at async workerMessageRecvCallback ([WILDCARD]:[WILDCARD])
