[WILDCARD]error: Uncaught NotFound: Cannot resolve module "[WILDCARD]/bad-module.ts" from "[WILDCARD]/error_005_missing_dynamic_import.ts"
[WILDCARD]:[WILDCARD]
    at unwrapResponse ([WILDCARD]:[WILDCARD])
    at Object.sendAsync ([WILDCARD]:[WILDCARD])
    at async processImports ([WILDCARD]:[WILDCARD])
    at async Object.processImports ([WILDCARD]:[WILDCARD])
    at async compile ([WILDCARD]:[WILDCARD])
    at async tsCompilerOnMessage ([WILDCARD]:[WILDCARD])
    at async workerMessageRecvCallback ([WILDCARD]:[WILDCARD])
